{
  "analysisType": {
    "name": "qc_metrics"
  },
  "studyId": "TEST-PRO",
  "workflow": {
    "workflow_name": "RNA Seq Alignment",
    "workflow_version": "0.1.0",
    "genome_build": "GRCh38_hla_decoy_ebv",
    "genome_annotation": "GENCODE v38",
    "run_id": "jovial_ramanujan",
    "session_id": "26009d8f-0cdf-48d6-952d-69e1eb92d2bc",
    "inputs": [
      {
        "analysis_type": "sequencing_experiment",
        "input_analysis_id": null
      }
    ]
  },
  "files": [
    {
      "fileSize": 328816,
      "fileMd5sum": "51b57d5b43ee0b188fd0ba2a1b8a64ad",
      "fileAccess": "controlled",
      "info": {
        "data_category": "Quality Control Metrics",
        "data_subtypes": [
          "Read Group Metrics"
        ],
        "analysis_tools": "FastQC",
        "files_in_tgz": [
          "TEST-PRO.DO001.SA001.S01L1.e9ea873df5dffc992be7cd3f8c6ee564.lane_fastqc.html",
          "TEST-PRO.DO001.SA001.S01L1.e9ea873df5dffc992be7cd3f8c6ee564.lane_fastqc.zip"
        ],
        "metrics": {
          "Basic Statistics": "PASS",
          "Per base sequence quality": "FAIL",
          "Per sequence quality scores": "FAIL",
          "Per base sequence content": "PASS",
          "Per sequence GC content": "WARN",
          "Per base N content": "PASS",
          "Sequence Length Distribution": "PASS",
          "Sequence Duplication Levels": "PASS",
          "Overrepresented sequences": "WARN",
          "Adapter Content": "PASS",
          "read_group_id": "S01L1"
        },
        "description": "High level sequencing reads QC metrics generated by FastQC."
      },
      "fileName": "TEST-PRO.DO001.SA001.rna-seq.20211116.S01L1.fastqc.tgz",
      "dataType": "Sequencing QC"
    }
  ],
  "samples": [
    {
      "submitterSampleId": "donor1_sample1_id",
      "matchedNormalSubmitterSampleId": "sample1_normal",
      "sampleType": "RNA",
      "specimen": {
        "submitterSpecimenId": "donor1_sample1",
        "tumourNormalDesignation": "tumor",
        "specimenTissueSource": "simulated",
        "specimenType": "simulated"
      },
      "donor": {
        "submitterDonorId": "donor1",
        "gender": "male"
      }
    }
  ],
  "experiment": {
    "submitter_sequencing_experiment_id": "TEST_EXP",
    "sequencing_center": "SIM",
    "platform": "ILLUMINA",
    "platform_model": "Polyester",
    "experimental_strategy": "RNA-Seq",
    "sequencing_date": "2021-04-21"
  }
}