{
  "analysisType": {
    "name": "qc_metrics"
  },
  "studyId": "TEST-PRO",
  "workflow": {
    "workflow_name": "RNA Seq Alignment",
    "workflow_version": "0.1.0",
    "genome_build": "GRCh38_hla_decoy_ebv",
    "genome_annotation": "GENCODE v38",
    "run_id": "focused_shirley",
    "session_id": "09c96e0c-b63f-450a-b5aa-97ba0a4aa4a6",
    "inputs": [
      {
        "analysis_type": "sequencing_experiment",
        "input_analysis_id": null
      }
    ]
  },
  "files": [
    {
      "fileSize": 1424,
      "fileMd5sum": "1085b814b1ef3ba45bd15a5721683ac8",
      "fileAccess": "controlled",
      "info": {
        "data_category": "Quality Control Metrics",
        "data_subtypes": [
          "Alignment Metrics"
        ],
        "analysis_tools": [
          "Picard:CollectRnaSeqMetrics"
        ],
        "files_in_tgz": [
          "rna_metrics.txt"
        ],
        "metrics": {
          "pf_bases": 149000,
          "pf_aligned_bases": 148933,
          "ribosomal_bases": 200,
          "coding_bases": 231,
          "utr_bases": 0,
          "intronic_bases": 437,
          "intergenic_bases": 148065,
          "ignored_reads": 0,
          "correct_strand_reads": 2,
          "incorrect_strand_reads": 2,
          "num_r1_transcript_strand_reads": 1,
          "num_r2_transcript_strand_reads": 1,
          "num_unexplained_reads": 0,
          "pct_r1_transcript_strand_reads": 0.5,
          "pct_r2_transcript_strand_reads": 0.5,
          "pct_ribosomal_bases": 0.001343,
          "pct_coding_bases": 0.001551,
          "pct_utr_bases": 0.0,
          "pct_intronic_bases": 0.002934,
          "pct_intergenic_bases": 0.994172,
          "pct_mrna_bases": 0.001551,
          "pct_usable_bases": 0.00155,
          "pct_correct_strand_reads": 0.5,
          "median_cv_coverage": 0.0,
          "median_5prime_bias": 0.0,
          "median_3prime_bias": 0.0,
          "median_5prime_to_3prime_bias": 0.0
        },
        "description": "RNA alignment metrics for a SAM or BAM file."
      },
      "fileName": "TEST-PRO.DO001.SA001.rna-seq.20211207.star.collectrnaseqmetrics.tgz",
      "fileType": "TGZ",
      "dataType": "Aligned Reads QC"
    },
    {
      "fileSize": 984,
      "fileMd5sum": "a8bdcb152c9c136a1368cdb01c13fddd",
      "fileAccess": "controlled",
      "info": {
        "data_category": "Quality Control Metrics",
        "data_subtypes": [
          "Duplicates Metrics"
        ],
        "analysis_tools": [
          "biobambam2:bammarkduplicates2"
        ],
        "files_in_tgz": [
          "genomic.merged.duplicates_metrics.txt"
        ],
        "metrics": {
          "libraries": [
            {
              "LIBRARY": "sim01",
              "UNPAIRED_READS_EXAMINED": 0,
              "READ_PAIRS_EXAMINED": 745,
              "UNMAPPED_READS": 0,
              "UNPAIRED_READ_DUPLICATES": 0,
              "READ_PAIR_DUPLICATES": 31,
              "READ_PAIR_OPTICAL_DUPLICATES": 0,
              "PERCENT_DUPLICATION": 0.0416107,
              "ESTIMATED_LIBRARY_SIZE": 8701
            }
          ]
        }
      },
      "fileName": "TEST-PRO.DO001.SA001.rna-seq.20211207.star.duplicates_metrics.tgz",
      "fileType": "TGZ",
      "dataType": "Aligned Reads QC"
    }
  ],
  "samples": [
    {
      "submitterSampleId": "donor1_sample1_id",
      "matchedNormalSubmitterSampleId": "sample1_normal",
      "sampleType": "RNA",
      "specimen": {
        "submitterSpecimenId": "donor1_sample1",
        "tumourNormalDesignation": "tumor",
        "specimenTissueSource": "simulated",
        "specimenType": "simulated"
      },
      "donor": {
        "submitterDonorId": "donor1",
        "gender": "male"
      }
    }
  ],
  "experiment": {
    "submitter_sequencing_experiment_id": "TEST_EXP",
    "sequencing_center": "SIM",
    "platform": "ILLUMINA",
    "platform_model": "Polyester",
    "experimental_strategy": "RNA-Seq",
    "sequencing_date": "2021-04-21"
  }
}