../../../tests/data/1a7df8db-cb54-43e1-952f-3c458a14800a.variant_calling.payload.json