{
  "analysisType": {
    "name": "qc_metrics"
  },
  "info": {
    "origin": "ICGC-25K"
  },
  "studyId": "TEST-PR",
  "experiment": {
    "experimental_strategy": "WGS",
    "platform": "ILLUMINA"
  },
  "samples": [
    {
      "submitterSampleId": "HCC1143_FASTQ_INPUT",
      "matchedNormalSubmitterSampleId": "HCC1143_BAM_INPUT",
      "sampleType": "Total DNA",
      "specimen": {
        "submitterSpecimenId": "HCC1143_FASTQ_INPUT",
        "tumourNormalDesignation": "Tumour",
        "specimenTissueSource": "Solid tissue",
        "specimenType": "Primary tumour"
      },
      "donor": {
        "gender": "Female",
        "submitterDonorId": "HCC1143"
      }
    }
  ],
  "files": [
    {
      "fileType": "TGZ",
      "fileSize": 1067,
      "fileMd5sum": "529a150d8ffcc5a9393f829765b26158",
      "fileAccess": "controlled",
      "info": {
        "data_category": "Quality Control Metrics",
        "data_subtypes": [
          "Cross Sample Contamination"
        ],
        "analysis_tools": [
          "GATK:CalculateContamination"
        ],
        "description": "Cross sample contamination estimated by GATK CalculateContamination tool",
        "files_in_tgz": [
          "74fda0ca6f60168dbb34c00f0d93de07.normal.segmentation_metrics",
          "74fda0ca6f60168dbb34c00f0d93de07.normal.contamination_metrics",
          "normal_contamination.extra_info.json"
        ]
      },
      "fileName": "TEST-PR.DO250122.SA610149.wgs.20230601.gatk-mutect2.somatic.contamination_metrics.tgz",
      "dataType": "Sample QC"
    },
    {
      "fileType": "TGZ",
      "fileSize": 1019,
      "fileMd5sum": "651d7d0e409b1d49261dd99160e703ac",
      "fileAccess": "controlled",
      "info": {
        "data_category": "Quality Control Metrics",
        "data_subtypes": [
          "Cross Sample Contamination"
        ],
        "analysis_tools": [
          "GATK:CalculateContamination"
        ],
        "description": "Cross sample contamination estimated by GATK CalculateContamination tool",
        "files_in_tgz": [
          "bcdc11ebe93861a0d447158a84d845ba.tumour.contamination_metrics",
          "bcdc11ebe93861a0d447158a84d845ba.tumour.segmentation_metrics",
          "tumour_contamination.extra_info.json"
        ]
      },
      "fileName": "TEST-PR.DO250122.SA610148.wgs.20230601.gatk-mutect2.somatic.contamination_metrics.tgz",
      "dataType": "Sample QC"
    },
    {
      "fileType": "TGZ",
      "fileSize": 1003,
      "fileMd5sum": "3d818dcf8e01f637e593f33482f745bd",
      "fileAccess": "controlled",
      "info": {
        "data_category": "Quality Control Metrics",
        "data_subtypes": [
          "Variant Filtering Stats"
        ],
        "analysis_tools": [
          "GATK:FilterMutectCalls"
        ],
        "description": "Information on the probability threshold chosen to optimize the F score and the number of false positives and false negatives from each filter to be expected from this choice.",
        "files_in_tgz": [
          "filter-mutect-calls.filtering-stats",
          "filtering_stats.extra_info.json"
        ]
      },
      "fileName": "TEST-PR.DO250122.SA610148.wgs.20230601.gatk-mutect2.somatic.mutect_filtering_metrics.tgz",
      "dataType": "Analysis QC"
    },
    {
      "fileType": "TGZ",
      "fileSize": 377,
      "fileMd5sum": "4018f6b7c711f4f4417085816f28f4d9",
      "fileAccess": "controlled",
      "info": {
        "data_category": "Quality Control Metrics",
        "data_subtypes": [
          "Variant Callable Stats"
        ],
        "analysis_tools": [
          "GATK:Mutect2"
        ],
        "description": "Number of sites that are considered callable for Mutect stats with read depth equals or is higher than callable-depth which we set to default 10",
        "files_in_tgz": [
          "merged-mutect-stats.stats",
          "callable_stats.extra_info.json"
        ]
      },
      "fileName": "TEST-PR.DO250122.SA610148.wgs.20230601.gatk-mutect2.somatic.mutect_callable_metrics.tgz",
      "dataType": "Analysis QC"
    }
  ],
  "workflow": {
    "workflow_name": "GATK Mutect2 Variant Calling",
    "workflow_short_name": "gatk-mutect2",
    "workflow_version": "0.1.0",
    "run_id": "lethal_hamilton",
    "session_id": "6a1496cc-b1fc-487d-a3e3-02e4939ecbcf",
    "inputs": [
      {
        "tumour_analysis_id": "f64ae545-11c1-46f7-8ae5-4511c156f7be",
        "analysis_type": "sequencing_alignment"
      },
      {
        "normal_analysis_id": "7ad90309-21df-4345-9903-0921df73456b",
        "analysis_type": "sequencing_alignment"
      }
    ],
    "genome_build": "GRCh38_hla_decoy_ebv"
  }
}