{
  "analysisType": {
    "name": "qc_metrics"
  },
  "studyId": "TEST-PR",
  "experiment": {
    "experimental_strategy": "WGS",
    "platform": "ILLUMINA"
  },
  "samples": [
    {
      "submitterSampleId": "COLO-829",
      "matchedNormalSubmitterSampleId": "COLO-829-BL",
      "sampleType": "Total DNA",
      "specimen": {
        "submitterSpecimenId": "COLO-829",
        "tumourNormalDesignation": "Tumour",
        "specimenTissueSource": "Blood derived",
        "specimenType": "Cell line - derived from tumour"
      },
      "donor": {
        "gender": "Female",
        "submitterDonorId": "COLO-829"
      }
    }
  ],
  "files": [
    {
      "fileType": "TGZ",
      "fileSize": 2406400,
      "fileMd5sum": "c62bcafd3d9e67da92563838c8085336",
      "fileAccess": "controlled",
      "info": {
        "data_category": "Quality Control Metrics",
        "data_subtypes": [
          "Cross Sample Contamination"
        ],
        "analysis_tools": [
          "Sanger:verifyBamHomChk"
        ],
        "description": "Cross sample contamination estimated by Sanger verifyBamHomChk.pl script",
        "files": [
          "SA610228.selfRG",
          "SA610228_snps.vcf",
          "result.json",
          "SA610228.depthSM",
          "SA610228.depthRG",
          "SA610228.log",
          "SA610228.selfSM"
        ]
      },
      "fileName": "TEST-PR.DO250183.SA610228.wgs.20230601.sanger-wgs.somatic.contamination_metrics.tgz",
      "dataType": "Sample QC"
    },
    {
      "fileType": "TGZ",
      "fileSize": 2795520,
      "fileMd5sum": "f1648825a7c06fb45520033d93bb1013",
      "fileAccess": "controlled",
      "info": {
        "data_category": "Quality Control Metrics",
        "data_subtypes": [
          "Cross Sample Contamination"
        ],
        "analysis_tools": [
          "Sanger:verifyBamHomChk"
        ],
        "description": "Cross sample contamination estimated by Sanger verifyBamHomChk.pl script",
        "files": [
          "SA610229.depthSM",
          "SA610229_snps.vcf",
          "result.json",
          "SA610229.log",
          "SA610229.depthRG",
          "SA610229.selfRG",
          "SA610229.selfSM"
        ]
      },
      "fileName": "TEST-PR.DO250183.SA610229.wgs.20230601.sanger-wgs.somatic.contamination_metrics.tgz",
      "dataType": "Sample QC"
    },
    {
      "fileType": "TGZ",
      "fileSize": 283,
      "fileMd5sum": "75bc69d0e25d1702c00113783a496e4d",
      "fileAccess": "controlled",
      "info": {
        "data_category": "Quality Control Metrics",
        "data_subtypes": [
          "Alignment Metrics"
        ],
        "analysis_tools": [
          "Sanger:bam_stats"
        ],
        "description": "Alignment QC metrics generated by Sanger bam_stats tool",
        "files": [
          "TEST-PR.DO250183.SA610228.wgs.20200320.aln.cram.bas"
        ]
      },
      "fileName": "TEST-PR.DO250183.SA610228.wgs.20230601.sanger-wgs.somatic.bas_metrics.tgz",
      "dataType": "Aligned Reads QC"
    },
    {
      "fileType": "TGZ",
      "fileSize": 283,
      "fileMd5sum": "4760983c802ceecb4315958ca83c7b57",
      "fileAccess": "controlled",
      "info": {
        "data_category": "Quality Control Metrics",
        "data_subtypes": [
          "Alignment Metrics"
        ],
        "analysis_tools": [
          "Sanger:bam_stats"
        ],
        "description": "Alignment QC metrics generated by Sanger bam_stats tool",
        "files": [
          "TEST-PR.DO250183.SA610229.wgs.20200320.aln.cram.bas"
        ]
      },
      "fileName": "TEST-PR.DO250183.SA610229.wgs.20230601.sanger-wgs.somatic.bas_metrics.tgz",
      "dataType": "Aligned Reads QC"
    },
    {
      "fileType": "TGZ",
      "fileSize": 10240,
      "fileMd5sum": "1dfec586bda363b86c4239cd18124505",
      "fileAccess": "controlled",
      "info": {
        "data_category": "Quality Control Metrics",
        "data_subtypes": [
          "Ploidy",
          "Tumour Purity"
        ],
        "analysis_tools": [
          "ASCAT"
        ],
        "description": "Purity and ploidy estimated by ASCAT",
        "files": [
          "SA610229.samplestatistics.txt"
        ]
      },
      "fileName": "TEST-PR.DO250183.SA610229.wgs.20230601.sanger-wgs.somatic.ascat_metrics.tgz",
      "dataType": "Analysis QC"
    },
    {
      "fileType": "TGZ",
      "fileSize": 20480,
      "fileMd5sum": "6cf5917ab9980b101bb3481f12335b26",
      "fileAccess": "controlled",
      "info": {
        "data_category": "Quality Control Metrics",
        "data_subtypes": [
          "Genotyping Stats"
        ],
        "analysis_tools": [
          "Sanger:compareBamGenotypes"
        ],
        "description": "Compare genotypes of CRAM files from the same donor and produces the fraction of matched genotypes. It also checks if the inferred genders are matched.",
        "files": [
          "result.json",
          "SA610229_vs_SA610228.genotype.txt",
          "SA610228.full_genotype.tsv",
          "SA610229.full_genotype.tsv",
          "SA610228.full_gender.tsv",
          "SA610229.full_gender.tsv"
        ]
      },
      "fileName": "TEST-PR.DO250183.SA610229.wgs.20230601.sanger-wgs.somatic.genotyped_gender_metrics.tgz",
      "dataType": "Analysis QC"
    }
  ],
  "workflow": {
    "workflow_name": "Sanger WGS Variant Calling",
    "workflow_short_name": "sanger-wgs",
    "workflow_version": "0.1.0",
    "run_id": "maniac_gutenberg",
    "session_id": "ca9b3109-801a-42ff-bee1-6ac7e64c6e77",
    "inputs": [
      {
        "tumour_analysis_id": "23cfc3c6-115d-4563-8fc3-c6115d9563d2",
        "analysis_type": "sequencing_alignment"
      },
      {
        "normal_analysis_id": "4d80c3c9-a207-414e-80c3-c9a207014e32",
        "analysis_type": "sequencing_alignment"
      }
    ],
    "genome_build": "GRCh38_hla_decoy_ebv"
  }
}