../../../tests/data/f7ca0bd4-53a7-4663-b7b6-1b3d414e0018.variant_calling.payload.json