../../../tests/data/78f90fc9-42df-42cb-8d06-6aa72ca7bc6b.dna_seq_qc.payload.json