../../../tests/data/9d2fdbdd-03b3-42aa-a1c4-88c190b3f16d.dna_seq_qc.payload.json