../../../tests/data/a734c13a-edc6-4fbb-9e2b-37fa5faba693.dna_seq_qc.payload.json