../../../tests/data/d6f55859-eff3-4a23-8637-1c199548c0c1.dna_seq_qc.payload.json