../../../tests/data/e7b47bc3-6d39-4fc7-8293-44cd5a74ae67.dna_seq_qc.payload.json