{
  "analysisType": {
    "name": "qc_metrics"
  },
  "studyId": "TEST-PRO",
  "info": {
    "origin": "ICGC_25K"
  },
  "workflow": {
    "workflow_name": "DNA Seq Alignment",
    "workflow_version": "0.5.0-dev",
    "genome_build": "GRCh38_hla_decoy_ebv",
    "run_id": "compassionate_allen",
    "session_id": "002ef181-f985-4d2e-b5a3-f6d7132fb348",
    "inputs": [
      {
        "analysis_type": "sequencing_experiment",
        "input_analysis_id": "40054341-119d-492e-8543-41119dc92ea1"
      }
    ]
  },
  "files": [
    {
      "fileName": "SA610149.3.20200211.wgs.grch38.cram.C0HVY.2.ubam_qc_metrics.tgz",
      "fileType": "TGZ",
      "fileSize": 778,
      "fileMd5sum": "df17cdf4f98af9746a49fabb0583fd0d",
      "fileAccess": "controlled",
      "info": {
        "data_category": "Quality Control Metrics",
        "data_subtypes": [
          "Read Group Metrics"
        ],
        "files_in_tgz": [
          "C0HVY.2.6d3111fbcbc26c34bb97d76aa24d3eed.lane.bam.quality_yield_metrics.txt"
        ],
        "description": "Read group level QC metrics generated by Picard CollectQualityYieldMetrics.",
        "analysis_tools": [
          "Picard:CollectQualityYieldMetrics"
        ],
        "metrics": {
          "read_group_id": "C0HVY.2",
          "file_size": 7060,
          "pf_reads": 56,
          "read_length": 76,
          "total_reads": 56
        }
      },
      "dataType": "Sequencing QC"
    },
    {
      "fileName": "SA610149.3.20200211.wgs.grch38.cram.D0RE2.1.ubam_qc_metrics.tgz",
      "fileType": "TGZ",
      "fileSize": 778,
      "fileMd5sum": "36b3877ba2a9c1694bf6a7f1d61bd69b",
      "fileAccess": "controlled",
      "info": {
        "data_category": "Quality Control Metrics",
        "data_subtypes": [
          "Read Group Metrics"
        ],
        "files_in_tgz": [
          "D0RE2.1.156db267eead7aea8e05b574a01a325e.lane.bam.quality_yield_metrics.txt"
        ],
        "description": "Read group level QC metrics generated by Picard CollectQualityYieldMetrics.",
        "analysis_tools": [
          "Picard:CollectQualityYieldMetrics"
        ],
        "metrics": {
          "read_group_id": "D0RE2.1",
          "file_size": 76022,
          "pf_reads": 56,
          "read_length": 76,
          "total_reads": 56
        }
      },
      "dataType": "Sequencing QC"
    },
    {
      "fileName": "SA610149.3.20200211.wgs.grch38.cram.D0RH0.2.ubam_qc_metrics.tgz",
      "fileType": "TGZ",
      "fileSize": 777,
      "fileMd5sum": "3d059ad8f95cff000d95d3e91cfdf88b",
      "fileAccess": "controlled",
      "info": {
        "data_category": "Quality Control Metrics",
        "data_subtypes": [
          "Read Group Metrics"
        ],
        "files_in_tgz": [
          "D0RH0.2.db2e15cf9008af2ecda8743e7fd7060a.lane.bam.quality_yield_metrics.txt"
        ],
        "description": "Read group level QC metrics generated by Picard CollectQualityYieldMetrics.",
        "analysis_tools": [
          "Picard:CollectQualityYieldMetrics"
        ],
        "metrics": {
          "read_group_id": "D0RH0.2",
          "file_size": 6667,
          "pf_reads": 56,
          "read_length": 76,
          "total_reads": 56
        }
      },
      "dataType": "Sequencing QC"
    },
    {
      "fileName": "SA610149.3.20200211.wgs.grch38.cram.qc_metrics.tgz",
      "fileType": "TGZ",
      "fileSize": 23877,
      "fileMd5sum": "ca24c49b2311fe9ff63a7a2add31ee58",
      "fileAccess": "controlled",
      "info": {
        "data_category": "Quality Control Metrics",
        "data_subtypes": [
          "Alignment Metrics"
        ],
        "files_in_tgz": [
          "SA610149.3.20200211.wgs.grch38.cram.bamstat",
          "SA610149.3.20200211.wgs.grch38.cram_C0HVY.2.bamstat",
          "SA610149.3.20200211.wgs.grch38.cram_D0RE2.1.bamstat",
          "SA610149.3.20200211.wgs.grch38.cram_D0RH0.2.bamstat"
        ],
        "description": "Alignment QC metrics generated by Samtools stats.",
        "analysis_tools": [
          "Samtools:stats"
        ]
      },
      "dataType": "Aligned Reads QC"
    },
    {
      "fileName": "SA610149.3.20200214.wgs.grch38.cram.oxog_metrics.tgz",
      "fileType": "TGZ",
      "fileSize": 1382,
      "fileMd5sum": "9aa48b0c2f3ef036701cd1652614b8d0",
      "fileAccess": "controlled",
      "info": {
        "data_category": "Quality Control Metrics",
        "data_subtypes": [
          "OxoG Metrics"
        ],
        "files_in_tgz": [
          "SA610149.3.20200214.wgs.grch38.cram.oxog_metrics.txt"
        ],
        "description": "OxoG metrics generated by GATK CollectOxoGMetrics.",
        "analysis_tools": [
          "GATK:CollectOxoGMetrics"
        ],
        "metrics": {
          "oxoQ_score": 26.981,
          "context": "CCG"
        }
      },
      "dataType": "Aligned Reads QC"
    },
    {
      "fileName": "SA610149.3.20200211.wgs.grch38.cram.duplicates_metrics.tgz",
      "fileType": "TGZ",
      "fileSize": 1085,
      "fileMd5sum": "e72fa1ea0153ebd57d7e269c39be2691",
      "fileAccess": "controlled",
      "info": {
        "data_category": "Quality Control Metrics",
        "data_subtypes": [
          "Duplicates Metrics"
        ],
        "files_in_tgz": [
          "grch38-aligned.merged.duplicates_metrics.txt"
        ],
        "description": "Duplicates metrics generated by biobambam2 bammarkduplicates2.",
        "analysis_tools": [
          "biobambam2:bammarkduplicates2"
        ],
        "metrics": {
          "libraries": [
            {
              "LIBRARY": "Pond-147580",
              "UNPAIRED_READS_EXAMINED": 0,
              "READ_PAIRS_EXAMINED": 84,
              "UNMAPPED_READS": 2,
              "UNPAIRED_READ_DUPLICATES": 0,
              "READ_PAIR_DUPLICATES": 3,
              "READ_PAIR_OPTICAL_DUPLICATES": 0,
              "PERCENT_DUPLICATION": 0.0357143,
              "ESTIMATED_LIBRARY_SIZE": 1147
            }
          ]
        }
      },
      "dataType": "Aligned Reads QC"
    }
  ],
  "experiment": {
    "platform": "ILLUMINA",
    "platform_model": "HiSeq 2000",
    "sequencing_date": "2014-12-12",
    "sequencing_center": "EXT",
    "submitter_sequencing_experiment_id": "TEST_EXP",
    "library_strandedness": "",
    "experimental_strategy": "WGS"
  },
  "samples": [
    {
      "submitterSampleId": "HCC1143_BAM_INPUT",
      "matchedNormalSubmitterSampleId": null,
      "sampleType": "Total DNA",
      "specimen": {
        "submitterSpecimenId": "TEST_EXP",
        "tumourNormalDesignation": "Tumour"
      },
      "donor": {
        "gender": "Female",
        "submitterDonorId": "internal_donor_123456789-00"
      }
    }
  ]
}