{
  "analysisType": {
    "name": "qc_metrics"
  },
  "studyId": "TEST-PRO",
  "workflow": {
    "workflow_name": "DNA Seq Alignment",
    "workflow_version": "0.5.0-dev",
    "genome_build": "GRCh38_hla_decoy_ebv",
    "run_id": "magical_poisson",
    "session_id": "cae822ec-c92f-452e-b9e0-580020134d19",
    "inputs": [
      {
        "analysis_type": "sequencing_experiment",
        "input_analysis_id": "40054341-119d-492e-8543-41119dc92ea1"
      }
    ]
  },
  "files": [
    {
      "fileName": "SA610149.3.20200214.wgs.grch38.cram.oxog_metrics.tgz",
      "fileType": "TGZ",
      "fileSize": 1382,
      "fileMd5sum": "9aa48b0c2f3ef036701cd1652614b8d0",
      "fileAccess": "controlled",
      "info": {
        "data_category": "Quality Control Metrics",
        "data_subtypes": [
          "OxoG Metrics"
        ],
        "files_in_tgz": [
          "SA610149.3.20200214.wgs.grch38.cram.oxog_metrics.txt"
        ],
        "description": "OxoG metrics generated by GATK CollectOxoGMetrics.",
        "analysis_tools": [
          "GATK:CollectOxoGMetrics"
        ],
        "metrics": {
          "oxoQ_score": 26.981,
          "context": "CCG"
        }
      },
      "dataType": "Aligned Reads QC"
    }
  ],
  "experiment": {
    "platform": "ILLUMINA",
    "platform_model": "HiSeq 2000",
    "sequencing_date": "2014-12-12",
    "sequencing_center": "EXT",
    "submitter_sequencing_experiment_id": "TEST_EXP",
    "experimental_strategy": "WGS"
  },
  "samples": [
    {
      "submitterSampleId": "HCC1143_BAM_INPUT",
      "matchedNormalSubmitterSampleId": null,
      "sampleType": "Total DNA",
      "specimen": {
        "submitterSpecimenId": "TEST_EXP",
        "tumourNormalDesignation": "Tumour"
      },
      "donor": {
        "gender": "Female",
        "submitterDonorId": "internal_donor_123456789-00"
      }
    }
  ]
}