../../../tests/data/635bad16-25b7-4143-81a4-c4f6f3661e7d.dna_alignment.payload.json