../../../tests/data/dc934840-98a2-4471-8655-deaaad226180.dna_alignment.payload.json