../../../tests/data/ebf6a3ab-05d5-4a19-bc36-5fd4abac58ff.dna_alignment.payload.json